🔍 Checking agents at Sat Mar  7 22:30:00 CST 2026
  No running tasks
🔍 Checking agents at Sat Mar  7 22:40:00 CST 2026
  No running tasks
🔍 Checking agents at Sat Mar  7 22:50:01 CST 2026
  No running tasks
🔍 Checking agents at Sat Mar  7 23:00:00 CST 2026
  No running tasks
🔍 Checking agents at Sat Mar  7 23:10:00 CST 2026
  No running tasks
🔍 Checking agents at Sat Mar  7 23:20:00 CST 2026
  No running tasks
🔍 Checking agents at Sat Mar  7 23:30:00 CST 2026
  No running tasks
🔍 Checking agents at Sat Mar  7 23:40:00 CST 2026
  No running tasks
🔍 Checking agents at Sat Mar  7 23:50:00 CST 2026
  No running tasks
🔍 Checking agents at Sun Mar  8 00:00:00 CST 2026
  No running tasks
🔍 Checking agents at Sun Mar  8 00:10:00 CST 2026
  No running tasks
🔍 Checking agents at Sun Mar  8 00:20:00 CST 2026
  No running tasks
🔍 Checking agents at Sun Mar  8 00:30:00 CST 2026
  No running tasks
🔍 Checking agents at Sun Mar  8 00:40:00 CST 2026
  No running tasks
🔍 Checking agents at Sun Mar  8 00:50:00 CST 2026
  No running tasks
🔍 Checking agents at Sun Mar  8 01:00:00 CST 2026
  No running tasks
🔍 Checking agents at Sun Mar  8 01:10:00 CST 2026
  No running tasks
🔍 Checking agents at Sun Mar  8 01:20:00 CST 2026
  No running tasks
🔍 Checking agents at Sun Mar  8 01:30:00 CST 2026
  No running tasks
🔍 Checking agents at Sun Mar  8 01:40:00 CST 2026
  No running tasks
🔍 Checking agents at Sun Mar  8 01:50:01 CST 2026
  No running tasks
🔍 Checking agents at Sun Mar  8 02:00:00 CST 2026
  No running tasks
🔍 Checking agents at Sun Mar  8 02:10:00 CST 2026
  No running tasks
🔍 Checking agents at Sun Mar  8 02:20:00 CST 2026
  No running tasks
🔍 Checking agents at Sun Mar  8 02:30:00 CST 2026
  No running tasks
🔍 Checking agents at Sun Mar  8 02:40:00 CST 2026
  No running tasks
🔍 Checking agents at Sun Mar  8 02:50:00 CST 2026
  No running tasks
🔍 Checking agents at Sun Mar  8 03:00:00 CST 2026
  No running tasks
🔍 Checking agents at Sun Mar  8 03:10:00 CST 2026
  No running tasks
🔍 Checking agents at Sun Mar  8 03:20:00 CST 2026
  No running tasks
🔍 Checking agents at Sun Mar  8 03:30:00 CST 2026
  No running tasks
🔍 Checking agents at Sun Mar  8 03:40:00 CST 2026
  No running tasks
🔍 Checking agents at Sun Mar  8 03:50:00 CST 2026
  No running tasks
🔍 Checking agents at Sun Mar  8 04:00:00 CST 2026
  No running tasks
🔍 Checking agents at Sun Mar  8 04:10:00 CST 2026
  No running tasks
🔍 Checking agents at Sun Mar  8 04:20:00 CST 2026
  No running tasks
🔍 Checking agents at Sun Mar  8 04:30:00 CST 2026
  No running tasks
🔍 Checking agents at Sun Mar  8 04:40:00 CST 2026
  No running tasks
🔍 Checking agents at Sun Mar  8 04:50:00 CST 2026
  No running tasks
🔍 Checking agents at Sun Mar  8 05:00:00 CST 2026
  No running tasks
🔍 Checking agents at Sun Mar  8 05:10:00 CST 2026
  No running tasks
🔍 Checking agents at Sun Mar  8 05:20:00 CST 2026
  No running tasks
🔍 Checking agents at Sun Mar  8 05:30:00 CST 2026
  No running tasks
🔍 Checking agents at Sun Mar  8 05:40:00 CST 2026
  No running tasks
🔍 Checking agents at Sun Mar  8 05:50:00 CST 2026
  No running tasks
🔍 Checking agents at Sun Mar  8 06:00:00 CST 2026
  No running tasks
🔍 Checking agents at Sun Mar  8 06:10:00 CST 2026
  No running tasks
🔍 Checking agents at Sun Mar  8 06:20:00 CST 2026
  No running tasks
🔍 Checking agents at Sun Mar  8 06:30:00 CST 2026
  No running tasks
🔍 Checking agents at Sun Mar  8 06:40:00 CST 2026
  No running tasks
🔍 Checking agents at Sun Mar  8 06:50:00 CST 2026
  No running tasks
🔍 Checking agents at Sun Mar  8 07:00:00 CST 2026
  No running tasks
🔍 Checking agents at Sun Mar  8 07:10:00 CST 2026
  No running tasks
🔍 Checking agents at Sun Mar  8 07:20:00 CST 2026
  No running tasks
🔍 Checking agents at Sun Mar  8 07:30:00 CST 2026
  No running tasks
🔍 Checking agents at Sun Mar  8 07:40:00 CST 2026
  No running tasks
🔍 Checking agents at Sun Mar  8 07:50:00 CST 2026
  No running tasks
🔍 Checking agents at Sun Mar  8 08:00:00 CST 2026
  No running tasks
🔍 Checking agents at Sun Mar  8 08:10:00 CST 2026
  No running tasks
🔍 Checking agents at Sun Mar  8 08:20:00 CST 2026
  No running tasks
🔍 Checking agents at Sun Mar  8 08:30:00 CST 2026
  No running tasks
🔍 Checking agents at Sun Mar  8 08:40:00 CST 2026
  No running tasks
🔍 Checking agents at Sun Mar  8 08:50:00 CST 2026
  No running tasks
🔍 Checking agents at Sun Mar  8 09:00:00 CST 2026
  No running tasks
🔍 Checking agents at Sun Mar  8 09:10:00 CST 2026
  No running tasks
🔍 Checking agents at Sun Mar  8 09:20:00 CST 2026
  No running tasks
🔍 Checking agents at Sun Mar  8 09:30:00 CST 2026
  No running tasks
🔍 Checking agents at Sun Mar  8 09:40:00 CST 2026
  No running tasks
🔍 Checking agents at Sun Mar  8 09:50:00 CST 2026
  No running tasks
🔍 Checking agents at Sun Mar  8 10:00:00 CST 2026
  No running tasks
🔍 Checking agents at Sun Mar  8 10:10:00 CST 2026
  No running tasks
🔍 Checking agents at Sun Mar  8 10:20:00 CST 2026
  No running tasks
🔍 Checking agents at Sun Mar  8 10:30:00 CST 2026
  No running tasks
🔍 Checking agents at Sun Mar  8 10:40:00 CST 2026
  No running tasks
🔍 Checking agents at Sun Mar  8 10:50:00 CST 2026
  No running tasks
🔍 Checking agents at Sun Mar  8 11:00:00 CST 2026
  No running tasks
🔍 Checking agents at Sun Mar  8 11:10:00 CST 2026
  No running tasks
🔍 Checking agents at Sun Mar  8 11:20:00 CST 2026
  No running tasks
🔍 Checking agents at Sun Mar  8 11:30:00 CST 2026
  No running tasks
🔍 Checking agents at Sun Mar  8 11:40:00 CST 2026
  No running tasks
🔍 Checking agents at Sun Mar  8 11:50:00 CST 2026
  No running tasks
🔍 Checking agents at Sun Mar  8 12:00:00 CST 2026
  No running tasks
🔍 Checking agents at Sun Mar  8 12:10:00 CST 2026
  No running tasks
🔍 Checking agents at Sun Mar  8 12:20:00 CST 2026
  No running tasks
🔍 Checking agents at Sun Mar  8 12:30:00 CST 2026
  No running tasks
🔍 Checking agents at Sun Mar  8 12:40:00 CST 2026
  No running tasks
🔍 Checking agents at Sun Mar  8 12:50:00 CST 2026
  No running tasks
🔍 Checking agents at Sun Mar  8 13:00:00 CST 2026
  No running tasks
🔍 Checking agents at Sun Mar  8 13:10:00 CST 2026
  No running tasks
🔍 Checking agents at Sun Mar  8 13:20:00 CST 2026
  No running tasks
🔍 Checking agents at Sun Mar  8 13:30:00 CST 2026
  No running tasks
🔍 Checking agents at Sun Mar  8 13:40:00 CST 2026
  No running tasks
🔍 Checking agents at Sun Mar  8 13:50:00 CST 2026
  No running tasks
🔍 Checking agents at Sun Mar  8 14:00:00 CST 2026
  No running tasks
🔍 Checking agents at Sun Mar  8 14:10:00 CST 2026
  No running tasks
🔍 Checking agents at Sun Mar  8 14:20:00 CST 2026
  No running tasks
🔍 Checking agents at Sun Mar  8 14:30:00 CST 2026
  No running tasks
🔍 Checking agents at Sun Mar  8 14:40:00 CST 2026
  No running tasks
🔍 Checking agents at Sun Mar  8 14:50:00 CST 2026
  No running tasks
🔍 Checking agents at Sun Mar  8 15:00:00 CST 2026
  No running tasks
🔍 Checking agents at Sun Mar  8 15:10:00 CST 2026
  No running tasks
🔍 Checking agents at Sun Mar  8 15:20:00 CST 2026
  No running tasks
正在运行 Monitor Loop...
✅ Monitor Loop 完成。状态已同步。
